// Vitest Snapshot v1

exports[`<Footer/> > should render 1`] = `
.c0 {
  text-align: center;
}

.c0 a {
  color: inherit;
  -webkit-text-decoration: none;
  text-decoration: none;
  font-size: 1.6rem;
}

.c2 {
  font-size: 2.4rem;
}

.c1 {
  max-width: 120rem;
  margin: 0 auto;
  padding: 3.2rem;
}

<div>
  <div
    class="c0"
  >
    <div
      class="c1"
    >
      <div
        class="c2"
      >
        ola
      </div>
    </div>
  </div>
</div>
`;
