// Vitest Snapshot v1

exports[`<TextComponent/> > should match snapshot 1`] = `
.c0 {
  font-size: 2.4rem;
}

<div
  class="c0"
>
  Children
</div>
`;
