// Vitest Snapshot v1

exports[`<MenuLink/> > should render open in a new tab 1`] = `
.c0 {
  display: block;
  -webkit-text-decoration: none;
  text-decoration: none;
  font-size: 1.6rem;
  padding: 1.6rem;
  color: #0a1128;
  position: relative;
}

.c0::after {
  content: '';
  position: absolute;
  bottom: 0.75rem;
  left: 50%;
  width: 0;
  height: 0.2rem;
  background-color: #dc143c;
  -webkit-transition: all 300ms ease-in-out;
  transition: all 300ms ease-in-out;
}

.c0:hover::after {
  width: 50%;
  left: 25%;
}

<a
  class="c0"
  href="https://google.com.br"
  target="_self"
>
  Children
</a>
`;
